type octile
height 68
width 105
map
@@@@@@@@@@@@@@@@@@@@@@@@@@@@@@@@@@@@@@@@@@@@@@@@@@@@@@@@@@@@@@@@@@@@@@@@@@@@@@@@@@@@@@@@@@@@@@@@@@@@@@@@@
@.......................................................................................................@
@.......................................................................................................@
@.......................................................................................................@
@.......................................................................................................@
@.......................................................................................................@
@.......................................................................................................@
@.......................................................................................................@
@.......................................................................................................@
@.......................................................................................................@
@.......................................................................................................@
@.......................................................................................................@
@.......................................................................................................@
@.......................................................................................................@
@.......................................................................................................@
@.......................................................................................................@
@.......................................................................................................@
@.......................................................................................................@
@.......................................................................................................@
@.......................................................................................................@
@.......................................................................................................@
@.......................................................................................................@
@.......................................................................................................@
@.......................................................................................................@
@.......................................................................................................@
@.......................................................................................................@
@.......................................................................................................@
@.......................................................................................................@
@.......................................................................................................@
@.......................................................................................................@
@.......................................................................................................@
@.......................................................................................................@
@.......................................................................................................@
@.......................................................................................................@
@.......................................................................................................@
@.......................................................................................................@
@.......................................................................................................@
@.......................................................................................................@
@.......................................................................................................@
@.......................................................................................................@
@.......................................................................................................@
@.......................................................................................................@
@.......................................................................................................@
@.......................................................................................................@
@.......................................................................................................@
@.......................................................................................................@
@.......................................................................................................@
@.......................................................................................................@
@.......................................................................................................@
@.......................................................................................................@
@.......................................................................................................@
@.......................................................................................................@
@.......................................................................................................@
@.......................................................................................................@
@.......................................................................................................@
@.......................................................................................................@
@.......................................................................................................@
@.......................................................................................................@
@.......................................................................................................@
@.......................................................................................................@
@.......................................................................................................@
@.......................................................................................................@
@.......................................................................................................@
@.......................................................................................................@
@.......................................................................................................@
@.......................................................................................................@
@.......................................................................................................@
@@@@@@@@@@@@@@@@@@@@@@@@@@@@@@@@@@@@@@@@@@@@@@@@@@@@@@@@@@@@@@@@@@@@@@@@@@@@@@@@@@@@@@@@@@@@@@@@@@@@@@@@@